// Jest Snapshot v1, https://goo.gl/fbAQLP

exports[`src | components | pages | Venue | VenueProvidersManager | form | LibrairesProviderForm should match the snapshot 1`] = `
ShallowWrapper {
  Symbol(enzyme.__root__): [Circular],
  Symbol(enzyme.__unrendered__): <LibrairesProviderForm
    cancelProviderSelection={[MockFunction]}
    createVenueProvider={[MockFunction]}
    history={
      Object {
        "push": [MockFunction],
      }
    }
    notify={[MockFunction]}
    offererId="CC"
    providerId="CC"
    venueId="AA"
    venueIdAtOfferProviderIsRequired={false}
    venueSiret="12345678912345"
  />,
  Symbol(enzyme.__renderer__): Object {
    "batchedUpdates": [Function],
    "checkPropTypes": [Function],
    "getNode": [Function],
    "render": [Function],
    "simulateError": [Function],
    "simulateEvent": [Function],
    "unmount": [Function],
  },
  Symbol(enzyme.__node__): Object {
    "instance": null,
    "key": undefined,
    "nodeType": "function",
    "props": Object {
      "onSubmit": [Function],
      "render": [Function],
    },
    "ref": null,
    "rendered": null,
    "type": [Function],
  },
  Symbol(enzyme.__nodes__): Array [
    Object {
      "instance": null,
      "key": undefined,
      "nodeType": "function",
      "props": Object {
        "onSubmit": [Function],
        "render": [Function],
      },
      "ref": null,
      "rendered": null,
      "type": [Function],
    },
  ],
  Symbol(enzyme.__options__): Object {
    "adapter": ReactSixteenAdapter {
      "options": Object {
        "enableComponentDidUpdateOnSetState": true,
        "legacyContextMode": "parent",
        "lifecycles": Object {
          "componentDidUpdate": Object {
            "onSetState": true,
          },
          "getChildContext": Object {
            "calledByRenderer": false,
          },
          "getDerivedStateFromError": true,
          "getDerivedStateFromProps": Object {
            "hasShouldComponentUpdateBug": false,
          },
          "getSnapshotBeforeUpdate": true,
          "setState": Object {
            "skipsComponentDidUpdateOnNullish": true,
          },
        },
      },
    },
    Symbol(enzyme.__providerValues__): undefined,
  },
  Symbol(enzyme.__providerValues__): Map {},
  Symbol(enzyme.__childContext__): null,
}
`;
