// Jest Snapshot v1, https://goo.gl/fbAQLP

exports[`src | components | pages | Venue | Notification should match the snapshot 1`] = `
ShallowWrapper {
  Symbol(enzyme.__root__): [Circular],
  Symbol(enzyme.__unrendered__): <BuildNotificationMessage
    dispatch={[MockFunction]}
    offererId="FT"
    venueId="TY"
  />,
  Symbol(enzyme.__renderer__): Object {
    "batchedUpdates": [Function],
    "checkPropTypes": [Function],
    "getNode": [Function],
    "render": [Function],
    "simulateError": [Function],
    "simulateEvent": [Function],
    "unmount": [Function],
  },
  Symbol(enzyme.__node__): Object {
    "instance": null,
    "key": undefined,
    "nodeType": "host",
    "props": Object {
      "children": Array [
        "Lieu créé. Vous pouvez maintenant y ",
        <NavLink
          activeClassName="active"
          aria-current="page"
          onClick={[Function]}
          to="/offres/creation?lieu=TY&structure=FT"
        >
          créer une offre
        </NavLink>,
        ", ou en importer automatiquement. ",
      ],
    },
    "ref": null,
    "rendered": Array [
      "Lieu créé. Vous pouvez maintenant y ",
      Object {
        "instance": null,
        "key": undefined,
        "nodeType": "function",
        "props": Object {
          "activeClassName": "active",
          "aria-current": "page",
          "children": "créer une offre",
          "onClick": [Function],
          "to": "/offres/creation?lieu=TY&structure=FT",
        },
        "ref": null,
        "rendered": "créer une offre",
        "type": [Function],
      },
      ", ou en importer automatiquement. ",
    ],
    "type": "p",
  },
  Symbol(enzyme.__nodes__): Array [
    Object {
      "instance": null,
      "key": undefined,
      "nodeType": "host",
      "props": Object {
        "children": Array [
          "Lieu créé. Vous pouvez maintenant y ",
          <NavLink
            activeClassName="active"
            aria-current="page"
            onClick={[Function]}
            to="/offres/creation?lieu=TY&structure=FT"
          >
            créer une offre
          </NavLink>,
          ", ou en importer automatiquement. ",
        ],
      },
      "ref": null,
      "rendered": Array [
        "Lieu créé. Vous pouvez maintenant y ",
        Object {
          "instance": null,
          "key": undefined,
          "nodeType": "function",
          "props": Object {
            "activeClassName": "active",
            "aria-current": "page",
            "children": "créer une offre",
            "onClick": [Function],
            "to": "/offres/creation?lieu=TY&structure=FT",
          },
          "ref": null,
          "rendered": "créer une offre",
          "type": [Function],
        },
        ", ou en importer automatiquement. ",
      ],
      "type": "p",
    },
  ],
  Symbol(enzyme.__options__): Object {
    "adapter": ReactSixteenAdapter {
      "options": Object {
        "enableComponentDidUpdateOnSetState": true,
        "legacyContextMode": "parent",
        "lifecycles": Object {
          "componentDidUpdate": Object {
            "onSetState": true,
          },
          "getChildContext": Object {
            "calledByRenderer": false,
          },
          "getDerivedStateFromError": true,
          "getDerivedStateFromProps": Object {
            "hasShouldComponentUpdateBug": false,
          },
          "getSnapshotBeforeUpdate": true,
          "setState": Object {
            "skipsComponentDidUpdateOnNullish": true,
          },
        },
      },
    },
    Symbol(enzyme.__providerValues__): undefined,
  },
  Symbol(enzyme.__providerValues__): Map {},
}
`;
