// Jest Snapshot v1, https://goo.gl/fbAQLP

exports[`src | components | pages | Offer | LocalProviderInformationContainer | LocalProviderInformationContainer should match snapshot 1`] = `
ShallowWrapper {
  Symbol(enzyme.__root__): [Circular],
  Symbol(enzyme.__unrendered__): <LocalProviderInformation
    offerName="Super Livre"
    offererId="ABCD"
    providerInfo={
      Object {
        "icon": "TiteliveStocks",
        "name": "Tite live",
      }
    }
    thumbUrl="http://localhost/storage/thumbs/products/AERTR"
    venueId="EARZ"
  />,
  Symbol(enzyme.__renderer__): Object {
    "batchedUpdates": [Function],
    "checkPropTypes": [Function],
    "getNode": [Function],
    "render": [Function],
    "simulateError": [Function],
    "simulateEvent": [Function],
    "unmount": [Function],
  },
  Symbol(enzyme.__node__): Object {
    "instance": null,
    "key": undefined,
    "nodeType": "host",
    "props": Object {
      "children": Array [
        <div
          className="provider-thumb"
        >
          <Thumb
            alt="couverture du livre Super Livre"
            src="http://localhost/storage/thumbs/products/AERTR"
          />
        </div>,
        <div
          className="provider-details"
        >
          <div
            className="provider-header"
          >
            <Icon
              height="64px"
              png={null}
              svg="TiteliveStocks"
              width="64px"
            />
            <div
              className="provider-title"
            >
              <h3>
                Offre synchronisée avec Tite live
              </h3>
              <span
                className="button"
                data-place="bottom"
                data-tip="<div><p>Vous pouvez modifier vos choix de synchronisation sur <a href='/structures/ABCD/lieux/EARZ'>la page du lieu</a>  qui présente cette offre, dans la section \\"Importation d’offres\\".</p></div>"
                data-type="info"
              >
                <Icon
                  png={null}
                  svg="picto-info"
                />
              </span>
            </div>
          </div>
          <div
            className="provider-explanation"
          >
            <p>
              Le visuel par défaut, les informations et le stock de cette offre sont synchronisés avec les données Tite live tous les soirs.
            </p>
          </div>
        </div>,
      ],
      "className": "provider-information",
    },
    "ref": null,
    "rendered": Array [
      Object {
        "instance": null,
        "key": undefined,
        "nodeType": "host",
        "props": Object {
          "children": <Thumb
            alt="couverture du livre Super Livre"
            src="http://localhost/storage/thumbs/products/AERTR"
          />,
          "className": "provider-thumb",
        },
        "ref": null,
        "rendered": Object {
          "instance": null,
          "key": undefined,
          "nodeType": "function",
          "props": Object {
            "alt": "couverture du livre Super Livre",
            "src": "http://localhost/storage/thumbs/products/AERTR",
          },
          "ref": null,
          "rendered": null,
          "type": [Function],
        },
        "type": "div",
      },
      Object {
        "instance": null,
        "key": undefined,
        "nodeType": "host",
        "props": Object {
          "children": Array [
            <div
              className="provider-header"
            >
              <Icon
                height="64px"
                png={null}
                svg="TiteliveStocks"
                width="64px"
              />
              <div
                className="provider-title"
              >
                <h3>
                  Offre synchronisée avec Tite live
                </h3>
                <span
                  className="button"
                  data-place="bottom"
                  data-tip="<div><p>Vous pouvez modifier vos choix de synchronisation sur <a href='/structures/ABCD/lieux/EARZ'>la page du lieu</a>  qui présente cette offre, dans la section \\"Importation d’offres\\".</p></div>"
                  data-type="info"
                >
                  <Icon
                    png={null}
                    svg="picto-info"
                  />
                </span>
              </div>
            </div>,
            <div
              className="provider-explanation"
            >
              <p>
                Le visuel par défaut, les informations et le stock de cette offre sont synchronisés avec les données Tite live tous les soirs.
              </p>
            </div>,
          ],
          "className": "provider-details",
        },
        "ref": null,
        "rendered": Array [
          Object {
            "instance": null,
            "key": undefined,
            "nodeType": "host",
            "props": Object {
              "children": Array [
                <Icon
                  height="64px"
                  png={null}
                  svg="TiteliveStocks"
                  width="64px"
                />,
                <div
                  className="provider-title"
                >
                  <h3>
                    Offre synchronisée avec Tite live
                  </h3>
                  <span
                    className="button"
                    data-place="bottom"
                    data-tip="<div><p>Vous pouvez modifier vos choix de synchronisation sur <a href='/structures/ABCD/lieux/EARZ'>la page du lieu</a>  qui présente cette offre, dans la section \\"Importation d’offres\\".</p></div>"
                    data-type="info"
                  >
                    <Icon
                      png={null}
                      svg="picto-info"
                    />
                  </span>
                </div>,
              ],
              "className": "provider-header",
            },
            "ref": null,
            "rendered": Array [
              Object {
                "instance": null,
                "key": undefined,
                "nodeType": "function",
                "props": Object {
                  "height": "64px",
                  "png": null,
                  "svg": "TiteliveStocks",
                  "width": "64px",
                },
                "ref": null,
                "rendered": null,
                "type": [Function],
              },
              Object {
                "instance": null,
                "key": undefined,
                "nodeType": "host",
                "props": Object {
                  "children": Array [
                    <h3>
                      Offre synchronisée avec Tite live
                    </h3>,
                    <span
                      className="button"
                      data-place="bottom"
                      data-tip="<div><p>Vous pouvez modifier vos choix de synchronisation sur <a href='/structures/ABCD/lieux/EARZ'>la page du lieu</a>  qui présente cette offre, dans la section \\"Importation d’offres\\".</p></div>"
                      data-type="info"
                    >
                      <Icon
                        png={null}
                        svg="picto-info"
                      />
                    </span>,
                  ],
                  "className": "provider-title",
                },
                "ref": null,
                "rendered": Array [
                  Object {
                    "instance": null,
                    "key": undefined,
                    "nodeType": "host",
                    "props": Object {
                      "children": "Offre synchronisée avec Tite live",
                    },
                    "ref": null,
                    "rendered": "Offre synchronisée avec Tite live",
                    "type": "h3",
                  },
                  Object {
                    "instance": null,
                    "key": undefined,
                    "nodeType": "host",
                    "props": Object {
                      "children": <Icon
                        png={null}
                        svg="picto-info"
                      />,
                      "className": "button",
                      "data-place": "bottom",
                      "data-tip": "<div><p>Vous pouvez modifier vos choix de synchronisation sur <a href='/structures/ABCD/lieux/EARZ'>la page du lieu</a>  qui présente cette offre, dans la section \\"Importation d’offres\\".</p></div>",
                      "data-type": "info",
                    },
                    "ref": null,
                    "rendered": Object {
                      "instance": null,
                      "key": undefined,
                      "nodeType": "function",
                      "props": Object {
                        "png": null,
                        "svg": "picto-info",
                      },
                      "ref": null,
                      "rendered": null,
                      "type": [Function],
                    },
                    "type": "span",
                  },
                ],
                "type": "div",
              },
            ],
            "type": "div",
          },
          Object {
            "instance": null,
            "key": undefined,
            "nodeType": "host",
            "props": Object {
              "children": <p>
                Le visuel par défaut, les informations et le stock de cette offre sont synchronisés avec les données Tite live tous les soirs.
              </p>,
              "className": "provider-explanation",
            },
            "ref": null,
            "rendered": Object {
              "instance": null,
              "key": undefined,
              "nodeType": "host",
              "props": Object {
                "children": "Le visuel par défaut, les informations et le stock de cette offre sont synchronisés avec les données Tite live tous les soirs.",
              },
              "ref": null,
              "rendered": "Le visuel par défaut, les informations et le stock de cette offre sont synchronisés avec les données Tite live tous les soirs.",
              "type": "p",
            },
            "type": "div",
          },
        ],
        "type": "div",
      },
    ],
    "type": "div",
  },
  Symbol(enzyme.__nodes__): Array [
    Object {
      "instance": null,
      "key": undefined,
      "nodeType": "host",
      "props": Object {
        "children": Array [
          <div
            className="provider-thumb"
          >
            <Thumb
              alt="couverture du livre Super Livre"
              src="http://localhost/storage/thumbs/products/AERTR"
            />
          </div>,
          <div
            className="provider-details"
          >
            <div
              className="provider-header"
            >
              <Icon
                height="64px"
                png={null}
                svg="TiteliveStocks"
                width="64px"
              />
              <div
                className="provider-title"
              >
                <h3>
                  Offre synchronisée avec Tite live
                </h3>
                <span
                  className="button"
                  data-place="bottom"
                  data-tip="<div><p>Vous pouvez modifier vos choix de synchronisation sur <a href='/structures/ABCD/lieux/EARZ'>la page du lieu</a>  qui présente cette offre, dans la section \\"Importation d’offres\\".</p></div>"
                  data-type="info"
                >
                  <Icon
                    png={null}
                    svg="picto-info"
                  />
                </span>
              </div>
            </div>
            <div
              className="provider-explanation"
            >
              <p>
                Le visuel par défaut, les informations et le stock de cette offre sont synchronisés avec les données Tite live tous les soirs.
              </p>
            </div>
          </div>,
        ],
        "className": "provider-information",
      },
      "ref": null,
      "rendered": Array [
        Object {
          "instance": null,
          "key": undefined,
          "nodeType": "host",
          "props": Object {
            "children": <Thumb
              alt="couverture du livre Super Livre"
              src="http://localhost/storage/thumbs/products/AERTR"
            />,
            "className": "provider-thumb",
          },
          "ref": null,
          "rendered": Object {
            "instance": null,
            "key": undefined,
            "nodeType": "function",
            "props": Object {
              "alt": "couverture du livre Super Livre",
              "src": "http://localhost/storage/thumbs/products/AERTR",
            },
            "ref": null,
            "rendered": null,
            "type": [Function],
          },
          "type": "div",
        },
        Object {
          "instance": null,
          "key": undefined,
          "nodeType": "host",
          "props": Object {
            "children": Array [
              <div
                className="provider-header"
              >
                <Icon
                  height="64px"
                  png={null}
                  svg="TiteliveStocks"
                  width="64px"
                />
                <div
                  className="provider-title"
                >
                  <h3>
                    Offre synchronisée avec Tite live
                  </h3>
                  <span
                    className="button"
                    data-place="bottom"
                    data-tip="<div><p>Vous pouvez modifier vos choix de synchronisation sur <a href='/structures/ABCD/lieux/EARZ'>la page du lieu</a>  qui présente cette offre, dans la section \\"Importation d’offres\\".</p></div>"
                    data-type="info"
                  >
                    <Icon
                      png={null}
                      svg="picto-info"
                    />
                  </span>
                </div>
              </div>,
              <div
                className="provider-explanation"
              >
                <p>
                  Le visuel par défaut, les informations et le stock de cette offre sont synchronisés avec les données Tite live tous les soirs.
                </p>
              </div>,
            ],
            "className": "provider-details",
          },
          "ref": null,
          "rendered": Array [
            Object {
              "instance": null,
              "key": undefined,
              "nodeType": "host",
              "props": Object {
                "children": Array [
                  <Icon
                    height="64px"
                    png={null}
                    svg="TiteliveStocks"
                    width="64px"
                  />,
                  <div
                    className="provider-title"
                  >
                    <h3>
                      Offre synchronisée avec Tite live
                    </h3>
                    <span
                      className="button"
                      data-place="bottom"
                      data-tip="<div><p>Vous pouvez modifier vos choix de synchronisation sur <a href='/structures/ABCD/lieux/EARZ'>la page du lieu</a>  qui présente cette offre, dans la section \\"Importation d’offres\\".</p></div>"
                      data-type="info"
                    >
                      <Icon
                        png={null}
                        svg="picto-info"
                      />
                    </span>
                  </div>,
                ],
                "className": "provider-header",
              },
              "ref": null,
              "rendered": Array [
                Object {
                  "instance": null,
                  "key": undefined,
                  "nodeType": "function",
                  "props": Object {
                    "height": "64px",
                    "png": null,
                    "svg": "TiteliveStocks",
                    "width": "64px",
                  },
                  "ref": null,
                  "rendered": null,
                  "type": [Function],
                },
                Object {
                  "instance": null,
                  "key": undefined,
                  "nodeType": "host",
                  "props": Object {
                    "children": Array [
                      <h3>
                        Offre synchronisée avec Tite live
                      </h3>,
                      <span
                        className="button"
                        data-place="bottom"
                        data-tip="<div><p>Vous pouvez modifier vos choix de synchronisation sur <a href='/structures/ABCD/lieux/EARZ'>la page du lieu</a>  qui présente cette offre, dans la section \\"Importation d’offres\\".</p></div>"
                        data-type="info"
                      >
                        <Icon
                          png={null}
                          svg="picto-info"
                        />
                      </span>,
                    ],
                    "className": "provider-title",
                  },
                  "ref": null,
                  "rendered": Array [
                    Object {
                      "instance": null,
                      "key": undefined,
                      "nodeType": "host",
                      "props": Object {
                        "children": "Offre synchronisée avec Tite live",
                      },
                      "ref": null,
                      "rendered": "Offre synchronisée avec Tite live",
                      "type": "h3",
                    },
                    Object {
                      "instance": null,
                      "key": undefined,
                      "nodeType": "host",
                      "props": Object {
                        "children": <Icon
                          png={null}
                          svg="picto-info"
                        />,
                        "className": "button",
                        "data-place": "bottom",
                        "data-tip": "<div><p>Vous pouvez modifier vos choix de synchronisation sur <a href='/structures/ABCD/lieux/EARZ'>la page du lieu</a>  qui présente cette offre, dans la section \\"Importation d’offres\\".</p></div>",
                        "data-type": "info",
                      },
                      "ref": null,
                      "rendered": Object {
                        "instance": null,
                        "key": undefined,
                        "nodeType": "function",
                        "props": Object {
                          "png": null,
                          "svg": "picto-info",
                        },
                        "ref": null,
                        "rendered": null,
                        "type": [Function],
                      },
                      "type": "span",
                    },
                  ],
                  "type": "div",
                },
              ],
              "type": "div",
            },
            Object {
              "instance": null,
              "key": undefined,
              "nodeType": "host",
              "props": Object {
                "children": <p>
                  Le visuel par défaut, les informations et le stock de cette offre sont synchronisés avec les données Tite live tous les soirs.
                </p>,
                "className": "provider-explanation",
              },
              "ref": null,
              "rendered": Object {
                "instance": null,
                "key": undefined,
                "nodeType": "host",
                "props": Object {
                  "children": "Le visuel par défaut, les informations et le stock de cette offre sont synchronisés avec les données Tite live tous les soirs.",
                },
                "ref": null,
                "rendered": "Le visuel par défaut, les informations et le stock de cette offre sont synchronisés avec les données Tite live tous les soirs.",
                "type": "p",
              },
              "type": "div",
            },
          ],
          "type": "div",
        },
      ],
      "type": "div",
    },
  ],
  Symbol(enzyme.__options__): Object {
    "adapter": ReactSixteenAdapter {
      "options": Object {
        "enableComponentDidUpdateOnSetState": true,
        "legacyContextMode": "parent",
        "lifecycles": Object {
          "componentDidUpdate": Object {
            "onSetState": true,
          },
          "getChildContext": Object {
            "calledByRenderer": false,
          },
          "getDerivedStateFromError": true,
          "getDerivedStateFromProps": Object {
            "hasShouldComponentUpdateBug": false,
          },
          "getSnapshotBeforeUpdate": true,
          "setState": Object {
            "skipsComponentDidUpdateOnNullish": true,
          },
        },
      },
    },
    Symbol(enzyme.__providerValues__): undefined,
  },
  Symbol(enzyme.__providerValues__): Map {},
  Symbol(enzyme.__childContext__): null,
}
`;
