// Jest Snapshot v1, https://goo.gl/fbAQLP

exports[`src | components | pages | Signup | SignupForm should match snapshot 1`] = `ShallowWrapper {}`;
