// Jest Snapshot v1, https://goo.gl/fbAQLP

exports[`src | components | pages | Desk | Desk  should match the snapshot 1`] = `
ShallowWrapper {
  Symbol(enzyme.__root__): [Circular],
  Symbol(enzyme.__unrendered__): <Desk
    getBookingFromCode={[MockFunction]}
    trackValidateBookingSuccess={[MockFunction]}
    validateBooking={[MockFunction]}
  />,
  Symbol(enzyme.__renderer__): Object {
    "batchedUpdates": [Function],
    "checkPropTypes": [Function],
    "getNode": [Function],
    "render": [Function],
    "simulateError": [Function],
    "simulateEvent": [Function],
    "unmount": [Function],
  },
  Symbol(enzyme.__node__): Object {
    "instance": null,
    "key": undefined,
    "nodeType": "function",
    "props": Object {
      "children": Array [
        <HeroSection
          subtitle={null}
          title="Guichet"
        >
          <p
            className="subtitle"
          >
            Enregistrez les codes de réservations présentés par les porteurs du pass.
          </p>
        </HeroSection>,
        <div
          className="section form"
        >
          <p
            className="subtitle is-medium has-text-weight-bold"
          >
            Scannez un code-barres ou saisissez-le ci-dessous :
          </p>
          <input
            className="input is-undefined"
            maxLength={6}
            name="code"
            onChange={[Function]}
            type="text"
            value=""
          />
          <button
            className="button"
            disabled={true}
            onClick={[Function]}
            type="submit"
          >
            Valider
          </button>
          <DeskState
            booking={null}
            level="pending"
            message="Saisissez un code"
          />
          <NavLink
            activeClassName="active"
            aria-current="page"
            className="button is-primary is-medium is-pulled-right"
            id="exitlink"
            to="/accueil"
          >
            Terminer
          </NavLink>
        </div>,
      ],
      "name": "desk",
    },
    "ref": null,
    "rendered": Array [
      Object {
        "instance": null,
        "key": undefined,
        "nodeType": "function",
        "props": Object {
          "children": <p
            className="subtitle"
          >
            Enregistrez les codes de réservations présentés par les porteurs du pass.
          </p>,
          "subtitle": null,
          "title": "Guichet",
        },
        "ref": null,
        "rendered": Object {
          "instance": null,
          "key": undefined,
          "nodeType": "host",
          "props": Object {
            "children": "Enregistrez les codes de réservations présentés par les porteurs du pass.",
            "className": "subtitle",
          },
          "ref": null,
          "rendered": "Enregistrez les codes de réservations présentés par les porteurs du pass.",
          "type": "p",
        },
        "type": [Function],
      },
      Object {
        "instance": null,
        "key": undefined,
        "nodeType": "host",
        "props": Object {
          "children": Array [
            <p
              className="subtitle is-medium has-text-weight-bold"
            >
              Scannez un code-barres ou saisissez-le ci-dessous :
            </p>,
            <input
              className="input is-undefined"
              maxLength={6}
              name="code"
              onChange={[Function]}
              type="text"
              value=""
            />,
            <button
              className="button"
              disabled={true}
              onClick={[Function]}
              type="submit"
            >
              Valider
            </button>,
            <DeskState
              booking={null}
              level="pending"
              message="Saisissez un code"
            />,
            <NavLink
              activeClassName="active"
              aria-current="page"
              className="button is-primary is-medium is-pulled-right"
              id="exitlink"
              to="/accueil"
            >
              Terminer
            </NavLink>,
          ],
          "className": "section form",
        },
        "ref": null,
        "rendered": Array [
          Object {
            "instance": null,
            "key": undefined,
            "nodeType": "host",
            "props": Object {
              "children": "Scannez un code-barres ou saisissez-le ci-dessous :",
              "className": "subtitle is-medium has-text-weight-bold",
            },
            "ref": null,
            "rendered": "Scannez un code-barres ou saisissez-le ci-dessous :",
            "type": "p",
          },
          Object {
            "instance": null,
            "key": undefined,
            "nodeType": "host",
            "props": Object {
              "className": "input is-undefined",
              "maxLength": 6,
              "name": "code",
              "onChange": [Function],
              "type": "text",
              "value": "",
            },
            "ref": Object {
              "current": null,
            },
            "rendered": null,
            "type": "input",
          },
          Object {
            "instance": null,
            "key": undefined,
            "nodeType": "host",
            "props": Object {
              "children": "Valider",
              "className": "button",
              "disabled": true,
              "onClick": [Function],
              "type": "submit",
            },
            "ref": null,
            "rendered": "Valider",
            "type": "button",
          },
          Object {
            "instance": null,
            "key": undefined,
            "nodeType": "function",
            "props": Object {
              "booking": null,
              "level": "pending",
              "message": "Saisissez un code",
            },
            "ref": null,
            "rendered": null,
            "type": [Function],
          },
          Object {
            "instance": null,
            "key": undefined,
            "nodeType": "function",
            "props": Object {
              "activeClassName": "active",
              "aria-current": "page",
              "children": "Terminer",
              "className": "button is-primary is-medium is-pulled-right",
              "id": "exitlink",
              "to": "/accueil",
            },
            "ref": null,
            "rendered": "Terminer",
            "type": [Function],
          },
        ],
        "type": "div",
      },
    ],
    "type": [Function],
  },
  Symbol(enzyme.__nodes__): Array [
    Object {
      "instance": null,
      "key": undefined,
      "nodeType": "function",
      "props": Object {
        "children": Array [
          <HeroSection
            subtitle={null}
            title="Guichet"
          >
            <p
              className="subtitle"
            >
              Enregistrez les codes de réservations présentés par les porteurs du pass.
            </p>
          </HeroSection>,
          <div
            className="section form"
          >
            <p
              className="subtitle is-medium has-text-weight-bold"
            >
              Scannez un code-barres ou saisissez-le ci-dessous :
            </p>
            <input
              className="input is-undefined"
              maxLength={6}
              name="code"
              onChange={[Function]}
              type="text"
              value=""
            />
            <button
              className="button"
              disabled={true}
              onClick={[Function]}
              type="submit"
            >
              Valider
            </button>
            <DeskState
              booking={null}
              level="pending"
              message="Saisissez un code"
            />
            <NavLink
              activeClassName="active"
              aria-current="page"
              className="button is-primary is-medium is-pulled-right"
              id="exitlink"
              to="/accueil"
            >
              Terminer
            </NavLink>
          </div>,
        ],
        "name": "desk",
      },
      "ref": null,
      "rendered": Array [
        Object {
          "instance": null,
          "key": undefined,
          "nodeType": "function",
          "props": Object {
            "children": <p
              className="subtitle"
            >
              Enregistrez les codes de réservations présentés par les porteurs du pass.
            </p>,
            "subtitle": null,
            "title": "Guichet",
          },
          "ref": null,
          "rendered": Object {
            "instance": null,
            "key": undefined,
            "nodeType": "host",
            "props": Object {
              "children": "Enregistrez les codes de réservations présentés par les porteurs du pass.",
              "className": "subtitle",
            },
            "ref": null,
            "rendered": "Enregistrez les codes de réservations présentés par les porteurs du pass.",
            "type": "p",
          },
          "type": [Function],
        },
        Object {
          "instance": null,
          "key": undefined,
          "nodeType": "host",
          "props": Object {
            "children": Array [
              <p
                className="subtitle is-medium has-text-weight-bold"
              >
                Scannez un code-barres ou saisissez-le ci-dessous :
              </p>,
              <input
                className="input is-undefined"
                maxLength={6}
                name="code"
                onChange={[Function]}
                type="text"
                value=""
              />,
              <button
                className="button"
                disabled={true}
                onClick={[Function]}
                type="submit"
              >
                Valider
              </button>,
              <DeskState
                booking={null}
                level="pending"
                message="Saisissez un code"
              />,
              <NavLink
                activeClassName="active"
                aria-current="page"
                className="button is-primary is-medium is-pulled-right"
                id="exitlink"
                to="/accueil"
              >
                Terminer
              </NavLink>,
            ],
            "className": "section form",
          },
          "ref": null,
          "rendered": Array [
            Object {
              "instance": null,
              "key": undefined,
              "nodeType": "host",
              "props": Object {
                "children": "Scannez un code-barres ou saisissez-le ci-dessous :",
                "className": "subtitle is-medium has-text-weight-bold",
              },
              "ref": null,
              "rendered": "Scannez un code-barres ou saisissez-le ci-dessous :",
              "type": "p",
            },
            Object {
              "instance": null,
              "key": undefined,
              "nodeType": "host",
              "props": Object {
                "className": "input is-undefined",
                "maxLength": 6,
                "name": "code",
                "onChange": [Function],
                "type": "text",
                "value": "",
              },
              "ref": Object {
                "current": null,
              },
              "rendered": null,
              "type": "input",
            },
            Object {
              "instance": null,
              "key": undefined,
              "nodeType": "host",
              "props": Object {
                "children": "Valider",
                "className": "button",
                "disabled": true,
                "onClick": [Function],
                "type": "submit",
              },
              "ref": null,
              "rendered": "Valider",
              "type": "button",
            },
            Object {
              "instance": null,
              "key": undefined,
              "nodeType": "function",
              "props": Object {
                "booking": null,
                "level": "pending",
                "message": "Saisissez un code",
              },
              "ref": null,
              "rendered": null,
              "type": [Function],
            },
            Object {
              "instance": null,
              "key": undefined,
              "nodeType": "function",
              "props": Object {
                "activeClassName": "active",
                "aria-current": "page",
                "children": "Terminer",
                "className": "button is-primary is-medium is-pulled-right",
                "id": "exitlink",
                "to": "/accueil",
              },
              "ref": null,
              "rendered": "Terminer",
              "type": [Function],
            },
          ],
          "type": "div",
        },
      ],
      "type": [Function],
    },
  ],
  Symbol(enzyme.__options__): Object {
    "adapter": ReactSixteenAdapter {
      "options": Object {
        "enableComponentDidUpdateOnSetState": true,
        "legacyContextMode": "parent",
        "lifecycles": Object {
          "componentDidUpdate": Object {
            "onSetState": true,
          },
          "getChildContext": Object {
            "calledByRenderer": false,
          },
          "getDerivedStateFromError": true,
          "getDerivedStateFromProps": Object {
            "hasShouldComponentUpdateBug": false,
          },
          "getSnapshotBeforeUpdate": true,
          "setState": Object {
            "skipsComponentDidUpdateOnNullish": true,
          },
        },
      },
    },
    "disableLifecycleMethods": true,
    Symbol(enzyme.__providerValues__): undefined,
  },
  Symbol(enzyme.__providerValues__): Map {},
}
`;
