// Jest Snapshot v1, https://goo.gl/fbAQLP

exports[`src | components | pages | Offerer | VenueItem should match the snapshot 1`] = `ShallowWrapper {}`;
