// Jest Snapshot v1, https://goo.gl/fbAQLP

exports[`src | components | pages | Bookings should match snapshot 1`] = `
ShallowWrapper {
  Symbol(enzyme.__root__): [Circular],
  Symbol(enzyme.__unrendered__): <Bookings
    pathToCsvFile=""
    showButtons={false}
  />,
  Symbol(enzyme.__renderer__): Object {
    "batchedUpdates": [Function],
    "checkPropTypes": [Function],
    "getNode": [Function],
    "render": [Function],
    "simulateError": [Function],
    "simulateEvent": [Function],
    "unmount": [Function],
  },
  Symbol(enzyme.__node__): Object {
    "instance": null,
    "key": undefined,
    "nodeType": "function",
    "props": Object {
      "children": Array [
        <HeroSection
          subtitle={null}
          title="Suivi des réservations"
        >
          <p
            className="subtitle"
          >
            Téléchargez le récapitulatif des réservations de vos offres.
            <br />
            <br />
            Le fichier est au format CSV, compatible avec tous les tableurs et éditeurs de texte.
          </p>
        </HeroSection>,
        <hr />,
        <withRouter(_withQueryRouter) />,
        <div
          className="control flex-columns items-center flex-end"
        />,
        <br />,
        <div
          className="control flex-columns items-center flex-end"
        />,
      ],
      "name": "bookings",
    },
    "ref": null,
    "rendered": Array [
      Object {
        "instance": null,
        "key": undefined,
        "nodeType": "function",
        "props": Object {
          "children": <p
            className="subtitle"
          >
            Téléchargez le récapitulatif des réservations de vos offres.
            <br />
            <br />
            Le fichier est au format CSV, compatible avec tous les tableurs et éditeurs de texte.
          </p>,
          "subtitle": null,
          "title": "Suivi des réservations",
        },
        "ref": null,
        "rendered": Object {
          "instance": null,
          "key": undefined,
          "nodeType": "host",
          "props": Object {
            "children": Array [
              "Téléchargez le récapitulatif des réservations de vos offres.",
              <br />,
              <br />,
              "Le fichier est au format CSV, compatible avec tous les tableurs et éditeurs de texte.",
            ],
            "className": "subtitle",
          },
          "ref": null,
          "rendered": Array [
            "Téléchargez le récapitulatif des réservations de vos offres.",
            Object {
              "instance": null,
              "key": undefined,
              "nodeType": "host",
              "props": Object {},
              "ref": null,
              "rendered": null,
              "type": "br",
            },
            Object {
              "instance": null,
              "key": undefined,
              "nodeType": "host",
              "props": Object {},
              "ref": null,
              "rendered": null,
              "type": "br",
            },
            "Le fichier est au format CSV, compatible avec tous les tableurs et éditeurs de texte.",
          ],
          "type": "p",
        },
        "type": [Function],
      },
      Object {
        "instance": null,
        "key": undefined,
        "nodeType": "host",
        "props": Object {},
        "ref": null,
        "rendered": null,
        "type": "hr",
      },
      Object {
        "instance": null,
        "key": undefined,
        "nodeType": "function",
        "props": Object {},
        "ref": null,
        "rendered": null,
        "type": [Function],
      },
      Object {
        "instance": null,
        "key": undefined,
        "nodeType": "host",
        "props": Object {
          "children": false,
          "className": "control flex-columns items-center flex-end",
        },
        "ref": null,
        "rendered": false,
        "type": "div",
      },
      Object {
        "instance": null,
        "key": undefined,
        "nodeType": "host",
        "props": Object {},
        "ref": null,
        "rendered": null,
        "type": "br",
      },
      Object {
        "instance": null,
        "key": undefined,
        "nodeType": "host",
        "props": Object {
          "children": false,
          "className": "control flex-columns items-center flex-end",
        },
        "ref": null,
        "rendered": false,
        "type": "div",
      },
    ],
    "type": [Function],
  },
  Symbol(enzyme.__nodes__): Array [
    Object {
      "instance": null,
      "key": undefined,
      "nodeType": "function",
      "props": Object {
        "children": Array [
          <HeroSection
            subtitle={null}
            title="Suivi des réservations"
          >
            <p
              className="subtitle"
            >
              Téléchargez le récapitulatif des réservations de vos offres.
              <br />
              <br />
              Le fichier est au format CSV, compatible avec tous les tableurs et éditeurs de texte.
            </p>
          </HeroSection>,
          <hr />,
          <withRouter(_withQueryRouter) />,
          <div
            className="control flex-columns items-center flex-end"
          />,
          <br />,
          <div
            className="control flex-columns items-center flex-end"
          />,
        ],
        "name": "bookings",
      },
      "ref": null,
      "rendered": Array [
        Object {
          "instance": null,
          "key": undefined,
          "nodeType": "function",
          "props": Object {
            "children": <p
              className="subtitle"
            >
              Téléchargez le récapitulatif des réservations de vos offres.
              <br />
              <br />
              Le fichier est au format CSV, compatible avec tous les tableurs et éditeurs de texte.
            </p>,
            "subtitle": null,
            "title": "Suivi des réservations",
          },
          "ref": null,
          "rendered": Object {
            "instance": null,
            "key": undefined,
            "nodeType": "host",
            "props": Object {
              "children": Array [
                "Téléchargez le récapitulatif des réservations de vos offres.",
                <br />,
                <br />,
                "Le fichier est au format CSV, compatible avec tous les tableurs et éditeurs de texte.",
              ],
              "className": "subtitle",
            },
            "ref": null,
            "rendered": Array [
              "Téléchargez le récapitulatif des réservations de vos offres.",
              Object {
                "instance": null,
                "key": undefined,
                "nodeType": "host",
                "props": Object {},
                "ref": null,
                "rendered": null,
                "type": "br",
              },
              Object {
                "instance": null,
                "key": undefined,
                "nodeType": "host",
                "props": Object {},
                "ref": null,
                "rendered": null,
                "type": "br",
              },
              "Le fichier est au format CSV, compatible avec tous les tableurs et éditeurs de texte.",
            ],
            "type": "p",
          },
          "type": [Function],
        },
        Object {
          "instance": null,
          "key": undefined,
          "nodeType": "host",
          "props": Object {},
          "ref": null,
          "rendered": null,
          "type": "hr",
        },
        Object {
          "instance": null,
          "key": undefined,
          "nodeType": "function",
          "props": Object {},
          "ref": null,
          "rendered": null,
          "type": [Function],
        },
        Object {
          "instance": null,
          "key": undefined,
          "nodeType": "host",
          "props": Object {
            "children": false,
            "className": "control flex-columns items-center flex-end",
          },
          "ref": null,
          "rendered": false,
          "type": "div",
        },
        Object {
          "instance": null,
          "key": undefined,
          "nodeType": "host",
          "props": Object {},
          "ref": null,
          "rendered": null,
          "type": "br",
        },
        Object {
          "instance": null,
          "key": undefined,
          "nodeType": "host",
          "props": Object {
            "children": false,
            "className": "control flex-columns items-center flex-end",
          },
          "ref": null,
          "rendered": false,
          "type": "div",
        },
      ],
      "type": [Function],
    },
  ],
  Symbol(enzyme.__options__): Object {
    "adapter": ReactSixteenAdapter {
      "options": Object {
        "enableComponentDidUpdateOnSetState": true,
        "legacyContextMode": "parent",
        "lifecycles": Object {
          "componentDidUpdate": Object {
            "onSetState": true,
          },
          "getChildContext": Object {
            "calledByRenderer": false,
          },
          "getDerivedStateFromError": true,
          "getDerivedStateFromProps": Object {
            "hasShouldComponentUpdateBug": false,
          },
          "getSnapshotBeforeUpdate": true,
          "setState": Object {
            "skipsComponentDidUpdateOnNullish": true,
          },
        },
      },
    },
    Symbol(enzyme.__providerValues__): undefined,
  },
  Symbol(enzyme.__providerValues__): Map {},
}
`;
