// Jest Snapshot v1, https://goo.gl/fbAQLP

exports[`components | OfferEdition | StockItem should match the snapshot 1`] = `ShallowWrapper {}`;
