// Jest Snapshot v1, https://goo.gl/fbAQLP

exports[`src | components | pages | Venue | VenueProvidersManager | form | TiteliveProviderForm should match the snapshot 1`] = `ShallowWrapper {}`;
