// Jest Snapshot v1, https://goo.gl/fbAQLP

exports[`src | components | pages | Signup | validation should match the snapshot 1`] = `ShallowWrapper {}`;
