// Jest Snapshot v1, https://goo.gl/fbAQLP

exports[`src | components | pages | Venue snapshot should match snapshot 1`] = `
ShallowWrapper {
  Symbol(enzyme.__root__): [Circular],
  Symbol(enzyme.__unrendered__): <Venue
    currentUser={Object {}}
    dispatch={
      [MockFunction] {
        "calls": Array [
          Array [
            Object {
              "config": Object {
                "apiPath": "/offerers/APEQ",
                "handleSuccess": [Function],
                "method": "GET",
                "normalizer": Object {
                  "managedVenues": Object {
                    "normalizer": Object {
                      "offers": "offers",
                    },
                    "stateKey": "venues",
                  },
                },
              },
              "type": "REQUEST_DATA_GET_/OFFERERS/APEQ",
            },
          ],
          Array [
            Object {
              "config": Object {
                "apiPath": "/userOfferers/APEQ",
                "method": "GET",
              },
              "type": "REQUEST_DATA_GET_/USEROFFERERS/APEQ",
            },
          ],
        ],
        "results": Array [
          Object {
            "type": "return",
            "value": undefined,
          },
          Object {
            "type": "return",
            "value": undefined,
          },
        ],
      }
    }
    formInitialValues={
      Object {
        "id": "CM",
      }
    }
    handleInitialRequest={[Function]}
    handleSubmitRequest={[Function]}
    handleSubmitRequestFail={[Function]}
    handleSubmitRequestSuccess={[Function]}
    history={
      Object {
        "location": Object {
          "pathname": "/fake",
        },
        "push": [MockFunction],
      }
    }
    location={
      Object {
        "search": "",
      }
    }
    match={
      Object {
        "params": Object {
          "offererId": "APEQ",
          "venueId": "AQYQ",
        },
      }
    }
    offerer={
      Object {
        "id": "BQ",
        "name": "Maison du chocolat",
      }
    }
    query={
      Object {
        "changeToReadOnly": [MockFunction],
        "context": [Function],
      }
    }
  />,
  Symbol(enzyme.__renderer__): Object {
    "batchedUpdates": [Function],
    "checkPropTypes": [Function],
    "getNode": [Function],
    "render": [Function],
    "simulateError": [Function],
    "simulateEvent": [Function],
    "unmount": [Function],
  },
  Symbol(enzyme.__node__): Object {
    "instance": null,
    "key": undefined,
    "nodeType": "function",
    "props": Object {
      "backTo": Object {
        "label": "Maison du chocolat",
        "path": "/structures/APEQ",
      },
      "children": Array [
        <HeroSection
          title="Lieu"
        >
          <NavLink
            activeClassName="active"
            aria-current="page"
            className="cta button is-primary"
            to="/offres/creation?lieu=CM"
          >
            <span
              className="icon"
            >
              <Icon
                svg="ico-offres-w"
              />
            </span>
            <span>
              Créer une offre
            </span>
          </NavLink>
        </HeroSection>,
        <withRouter(Connect(VenueProvidersManager))
          venue={
            Object {
              "id": "CM",
            }
          }
        />,
        <ReactFinalForm
          decorators={
            Array [
              [Function],
              [Function],
              [Function],
            ]
          }
          initialValues={
            Object {
              "id": "CM",
            }
          }
          name="venue"
          onSubmit={[Function]}
          render={[Function]}
        />,
      ],
      "handleDataRequest": [Function],
      "name": "venue",
    },
    "ref": null,
    "rendered": Array [
      Object {
        "instance": null,
        "key": undefined,
        "nodeType": "function",
        "props": Object {
          "children": Array [
            undefined,
            <NavLink
              activeClassName="active"
              aria-current="page"
              className="cta button is-primary"
              to="/offres/creation?lieu=CM"
            >
              <span
                className="icon"
              >
                <Icon
                  svg="ico-offres-w"
                />
              </span>
              <span>
                Créer une offre
              </span>
            </NavLink>,
          ],
          "subtitle": undefined,
          "title": "Lieu",
        },
        "ref": null,
        "rendered": Array [
          undefined,
          Object {
            "instance": null,
            "key": undefined,
            "nodeType": "function",
            "props": Object {
              "activeClassName": "active",
              "aria-current": "page",
              "children": Array [
                <span
                  className="icon"
                >
                  <Icon
                    svg="ico-offres-w"
                  />
                </span>,
                <span>
                  Créer une offre
                </span>,
              ],
              "className": "cta button is-primary",
              "to": "/offres/creation?lieu=CM",
            },
            "ref": null,
            "rendered": Array [
              Object {
                "instance": null,
                "key": undefined,
                "nodeType": "host",
                "props": Object {
                  "children": <Icon
                    svg="ico-offres-w"
                  />,
                  "className": "icon",
                },
                "ref": null,
                "rendered": Object {
                  "instance": null,
                  "key": undefined,
                  "nodeType": "function",
                  "props": Object {
                    "svg": "ico-offres-w",
                  },
                  "ref": null,
                  "rendered": null,
                  "type": [Function],
                },
                "type": "span",
              },
              Object {
                "instance": null,
                "key": undefined,
                "nodeType": "host",
                "props": Object {
                  "children": "Créer une offre",
                },
                "ref": null,
                "rendered": "Créer une offre",
                "type": "span",
              },
            ],
            "type": [Function],
          },
        ],
        "type": [Function],
      },
      Object {
        "instance": null,
        "key": undefined,
        "nodeType": "function",
        "props": Object {
          "venue": Object {
            "id": "CM",
          },
        },
        "ref": null,
        "rendered": null,
        "type": [Function],
      },
      Object {
        "instance": null,
        "key": undefined,
        "nodeType": "class",
        "props": Object {
          "decorators": Array [
            [Function],
            [Function],
            [Function],
          ],
          "initialValues": Object {
            "id": "CM",
          },
          "name": "venue",
          "onSubmit": [Function],
          "render": [Function],
        },
        "ref": null,
        "rendered": null,
        "type": [Function],
      },
    ],
    "type": [Function],
  },
  Symbol(enzyme.__nodes__): Array [
    Object {
      "instance": null,
      "key": undefined,
      "nodeType": "function",
      "props": Object {
        "backTo": Object {
          "label": "Maison du chocolat",
          "path": "/structures/APEQ",
        },
        "children": Array [
          <HeroSection
            title="Lieu"
          >
            <NavLink
              activeClassName="active"
              aria-current="page"
              className="cta button is-primary"
              to="/offres/creation?lieu=CM"
            >
              <span
                className="icon"
              >
                <Icon
                  svg="ico-offres-w"
                />
              </span>
              <span>
                Créer une offre
              </span>
            </NavLink>
          </HeroSection>,
          <withRouter(Connect(VenueProvidersManager))
            venue={
              Object {
                "id": "CM",
              }
            }
          />,
          <ReactFinalForm
            decorators={
              Array [
                [Function],
                [Function],
                [Function],
              ]
            }
            initialValues={
              Object {
                "id": "CM",
              }
            }
            name="venue"
            onSubmit={[Function]}
            render={[Function]}
          />,
        ],
        "handleDataRequest": [Function],
        "name": "venue",
      },
      "ref": null,
      "rendered": Array [
        Object {
          "instance": null,
          "key": undefined,
          "nodeType": "function",
          "props": Object {
            "children": Array [
              undefined,
              <NavLink
                activeClassName="active"
                aria-current="page"
                className="cta button is-primary"
                to="/offres/creation?lieu=CM"
              >
                <span
                  className="icon"
                >
                  <Icon
                    svg="ico-offres-w"
                  />
                </span>
                <span>
                  Créer une offre
                </span>
              </NavLink>,
            ],
            "subtitle": undefined,
            "title": "Lieu",
          },
          "ref": null,
          "rendered": Array [
            undefined,
            Object {
              "instance": null,
              "key": undefined,
              "nodeType": "function",
              "props": Object {
                "activeClassName": "active",
                "aria-current": "page",
                "children": Array [
                  <span
                    className="icon"
                  >
                    <Icon
                      svg="ico-offres-w"
                    />
                  </span>,
                  <span>
                    Créer une offre
                  </span>,
                ],
                "className": "cta button is-primary",
                "to": "/offres/creation?lieu=CM",
              },
              "ref": null,
              "rendered": Array [
                Object {
                  "instance": null,
                  "key": undefined,
                  "nodeType": "host",
                  "props": Object {
                    "children": <Icon
                      svg="ico-offres-w"
                    />,
                    "className": "icon",
                  },
                  "ref": null,
                  "rendered": Object {
                    "instance": null,
                    "key": undefined,
                    "nodeType": "function",
                    "props": Object {
                      "svg": "ico-offres-w",
                    },
                    "ref": null,
                    "rendered": null,
                    "type": [Function],
                  },
                  "type": "span",
                },
                Object {
                  "instance": null,
                  "key": undefined,
                  "nodeType": "host",
                  "props": Object {
                    "children": "Créer une offre",
                  },
                  "ref": null,
                  "rendered": "Créer une offre",
                  "type": "span",
                },
              ],
              "type": [Function],
            },
          ],
          "type": [Function],
        },
        Object {
          "instance": null,
          "key": undefined,
          "nodeType": "function",
          "props": Object {
            "venue": Object {
              "id": "CM",
            },
          },
          "ref": null,
          "rendered": null,
          "type": [Function],
        },
        Object {
          "instance": null,
          "key": undefined,
          "nodeType": "class",
          "props": Object {
            "decorators": Array [
              [Function],
              [Function],
              [Function],
            ],
            "initialValues": Object {
              "id": "CM",
            },
            "name": "venue",
            "onSubmit": [Function],
            "render": [Function],
          },
          "ref": null,
          "rendered": null,
          "type": [Function],
        },
      ],
      "type": [Function],
    },
  ],
  Symbol(enzyme.__options__): Object {
    "adapter": ReactSixteenAdapter {
      "options": Object {
        "enableComponentDidUpdateOnSetState": true,
        "legacyContextMode": "parent",
        "lifecycles": Object {
          "componentDidUpdate": Object {
            "onSetState": true,
          },
          "getChildContext": Object {
            "calledByRenderer": false,
          },
          "getDerivedStateFromProps": Object {
            "hasShouldComponentUpdateBug": false,
          },
          "getSnapshotBeforeUpdate": true,
          "setState": Object {
            "skipsComponentDidUpdateOnNullish": true,
          },
        },
      },
    },
  },
  Symbol(enzyme.__childContext__): null,
}
`;
