// Jest Snapshot v1, https://goo.gl/fbAQLP

exports[`src | components | pages | Venue | fields | BankFields should match the snapshot 1`] = `ShallowWrapper {}`;
