// Jest Snapshot v1, https://goo.gl/fbAQLP

exports[`src | components | layout | form | NumberField should match the snapshot 1`] = `ShallowWrapper {}`;
