// Jest Snapshot v1, https://goo.gl/fbAQLP

exports[`src | components | layout | form | TimeField should match the snapchot 1`] = `ShallowWrapper {}`;
