// Jest Snapshot v1, https://goo.gl/fbAQLP

exports[`src | components | pages | Offerer | CreationControl  should match snapshot 1`] = `ShallowWrapper {}`;
