// Jest Snapshot v1, https://goo.gl/fbAQLP

exports[`components | OfferEdition | ProductFields should match the snapshot 1`] = `ShallowWrapper {}`;
