// Jest Snapshot v1, https://goo.gl/fbAQLP

exports[`src | components | pages | Venue | controls | ModifyOrCancelControl  should match the snapshot 1`] = `
ShallowWrapper {
  Symbol(enzyme.__root__): [Circular],
  Symbol(enzyme.__unrendered__): <ModifyOrCancelControl
    form={Object {}}
    handleSubmit={[MockFunction]}
    history={
      Object {
        "push": [MockFunction],
      }
    }
    isCreatedEntity={true}
    offererId="AE"
    readOnly={false}
    venueId="AE"
  />,
  Symbol(enzyme.__renderer__): Object {
    "batchedUpdates": [Function],
    "checkPropTypes": [Function],
    "getNode": [Function],
    "render": [Function],
    "simulateError": [Function],
    "simulateEvent": [Function],
    "unmount": [Function],
  },
  Symbol(enzyme.__node__): Object {
    "instance": null,
    "key": undefined,
    "nodeType": "host",
    "props": Object {
      "children": <button
        className="button is-secondary is-medium"
        onClick={[Function]}
        type="reset"
      >
        Annuler
      </button>,
      "className": "control",
    },
    "ref": null,
    "rendered": Object {
      "instance": null,
      "key": undefined,
      "nodeType": "host",
      "props": Object {
        "children": "Annuler",
        "className": "button is-secondary is-medium",
        "onClick": [Function],
        "type": "reset",
      },
      "ref": null,
      "rendered": "Annuler",
      "type": "button",
    },
    "type": "div",
  },
  Symbol(enzyme.__nodes__): Array [
    Object {
      "instance": null,
      "key": undefined,
      "nodeType": "host",
      "props": Object {
        "children": <button
          className="button is-secondary is-medium"
          onClick={[Function]}
          type="reset"
        >
          Annuler
        </button>,
        "className": "control",
      },
      "ref": null,
      "rendered": Object {
        "instance": null,
        "key": undefined,
        "nodeType": "host",
        "props": Object {
          "children": "Annuler",
          "className": "button is-secondary is-medium",
          "onClick": [Function],
          "type": "reset",
        },
        "ref": null,
        "rendered": "Annuler",
        "type": "button",
      },
      "type": "div",
    },
  ],
  Symbol(enzyme.__options__): Object {
    "adapter": ReactSixteenAdapter {
      "options": Object {
        "enableComponentDidUpdateOnSetState": true,
        "legacyContextMode": "parent",
        "lifecycles": Object {
          "componentDidUpdate": Object {
            "onSetState": true,
          },
          "getChildContext": Object {
            "calledByRenderer": false,
          },
          "getDerivedStateFromError": true,
          "getDerivedStateFromProps": Object {
            "hasShouldComponentUpdateBug": false,
          },
          "getSnapshotBeforeUpdate": true,
          "setState": Object {
            "skipsComponentDidUpdateOnNullish": true,
          },
        },
      },
    },
    Symbol(enzyme.__providerValues__): undefined,
  },
  Symbol(enzyme.__providerValues__): Map {},
  Symbol(enzyme.__childContext__): null,
}
`;
