// Jest Snapshot v1, https://goo.gl/fbAQLP

exports[`src | components | pages | hocs | with-login | withRequiredLogin should match the snapshot 1`] = `ShallowWrapper {}`;
