// Jest Snapshot v1, https://goo.gl/fbAQLP

exports[`src | components | pages | FilterByOffer | FilterByOffer should match snapshot 1`] = `
ShallowWrapper {
  Symbol(enzyme.__root__): [Circular],
  Symbol(enzyme.__unrendered__): <FilterByOffer
    isFilteredByDigitalVenues={false}
    loadOffers={
      [MockFunction] {
        "calls": Array [
          Array [],
        ],
        "results": Array [
          Object {
            "type": "return",
            "value": undefined,
          },
        ],
      }
    }
    offerId=""
    offers={Array []}
    offersOptions={
      Array [
        Object {
          "id": "all",
          "name": "Toutes les offres",
        },
      ]
    }
    showDateSection={false}
    updateOfferId={[MockFunction]}
  />,
  Symbol(enzyme.__renderer__): Object {
    "batchedUpdates": [Function],
    "checkPropTypes": [Function],
    "getNode": [Function],
    "render": [Function],
    "simulateError": [Function],
    "simulateEvent": [Function],
    "unmount": [Function],
  },
  Symbol(enzyme.__node__): Object {
    "instance": null,
    "key": undefined,
    "nodeType": "function",
    "props": Object {
      "children": Array [
        <div
          className="section"
        >
          <h2
            className="main-list-title"
          >
            Offre
          </h2>
        </div>,
        <div
          id="filter-by-offer"
        >
          <label
            htmlFor="offers"
          >
            Télécharger les réservations pour l'offre 
            
            :
          </label>
          <select
            className="pc-selectbox"
            id="offers"
            onBlur={[MockFunction]}
            onChange={[MockFunction]}
            value=""
          >
            <option
              disabled={true}
              label=" - Choisissez une offre - "
              selected={true}
            />
            <option
              value="all"
            >
              Toutes les offres
            </option>
          </select>
        </div>,
        false,
      ],
    },
    "ref": null,
    "rendered": Array [
      Object {
        "instance": null,
        "key": undefined,
        "nodeType": "host",
        "props": Object {
          "children": <h2
            className="main-list-title"
          >
            Offre
          </h2>,
          "className": "section",
        },
        "ref": null,
        "rendered": Object {
          "instance": null,
          "key": undefined,
          "nodeType": "host",
          "props": Object {
            "children": "Offre",
            "className": "main-list-title",
          },
          "ref": null,
          "rendered": "Offre",
          "type": "h2",
        },
        "type": "div",
      },
      Object {
        "instance": null,
        "key": undefined,
        "nodeType": "host",
        "props": Object {
          "children": Array [
            <label
              htmlFor="offers"
            >
              Télécharger les réservations pour l'offre 
              
              :
            </label>,
            <select
              className="pc-selectbox"
              id="offers"
              onBlur={[MockFunction]}
              onChange={[MockFunction]}
              value=""
            >
              <option
                disabled={true}
                label=" - Choisissez une offre - "
                selected={true}
              />
              <option
                value="all"
              >
                Toutes les offres
              </option>
            </select>,
          ],
          "id": "filter-by-offer",
        },
        "ref": null,
        "rendered": Array [
          Object {
            "instance": null,
            "key": undefined,
            "nodeType": "host",
            "props": Object {
              "children": Array [
                "Télécharger les réservations pour l'offre ",
                "",
                ":",
              ],
              "htmlFor": "offers",
            },
            "ref": null,
            "rendered": Array [
              "Télécharger les réservations pour l'offre ",
              "",
              ":",
            ],
            "type": "label",
          },
          Object {
            "instance": null,
            "key": undefined,
            "nodeType": "host",
            "props": Object {
              "children": Array [
                <option
                  disabled={true}
                  label=" - Choisissez une offre - "
                  selected={true}
                />,
                Array [
                  <option
                    value="all"
                  >
                    Toutes les offres
                  </option>,
                ],
              ],
              "className": "pc-selectbox",
              "id": "offers",
              "onBlur": [MockFunction],
              "onChange": [MockFunction],
              "value": "",
            },
            "ref": null,
            "rendered": Array [
              Object {
                "instance": null,
                "key": undefined,
                "nodeType": "host",
                "props": Object {
                  "disabled": true,
                  "label": " - Choisissez une offre - ",
                  "selected": true,
                },
                "ref": null,
                "rendered": null,
                "type": "option",
              },
              Object {
                "instance": null,
                "key": "all",
                "nodeType": "host",
                "props": Object {
                  "children": "Toutes les offres",
                  "value": "all",
                },
                "ref": null,
                "rendered": "Toutes les offres",
                "type": "option",
              },
            ],
            "type": "select",
          },
        ],
        "type": "div",
      },
      false,
    ],
    "type": Symbol(react.fragment),
  },
  Symbol(enzyme.__nodes__): Array [
    Object {
      "instance": null,
      "key": undefined,
      "nodeType": "function",
      "props": Object {
        "children": Array [
          <div
            className="section"
          >
            <h2
              className="main-list-title"
            >
              Offre
            </h2>
          </div>,
          <div
            id="filter-by-offer"
          >
            <label
              htmlFor="offers"
            >
              Télécharger les réservations pour l'offre 
              
              :
            </label>
            <select
              className="pc-selectbox"
              id="offers"
              onBlur={[MockFunction]}
              onChange={[MockFunction]}
              value=""
            >
              <option
                disabled={true}
                label=" - Choisissez une offre - "
                selected={true}
              />
              <option
                value="all"
              >
                Toutes les offres
              </option>
            </select>
          </div>,
          false,
        ],
      },
      "ref": null,
      "rendered": Array [
        Object {
          "instance": null,
          "key": undefined,
          "nodeType": "host",
          "props": Object {
            "children": <h2
              className="main-list-title"
            >
              Offre
            </h2>,
            "className": "section",
          },
          "ref": null,
          "rendered": Object {
            "instance": null,
            "key": undefined,
            "nodeType": "host",
            "props": Object {
              "children": "Offre",
              "className": "main-list-title",
            },
            "ref": null,
            "rendered": "Offre",
            "type": "h2",
          },
          "type": "div",
        },
        Object {
          "instance": null,
          "key": undefined,
          "nodeType": "host",
          "props": Object {
            "children": Array [
              <label
                htmlFor="offers"
              >
                Télécharger les réservations pour l'offre 
                
                :
              </label>,
              <select
                className="pc-selectbox"
                id="offers"
                onBlur={[MockFunction]}
                onChange={[MockFunction]}
                value=""
              >
                <option
                  disabled={true}
                  label=" - Choisissez une offre - "
                  selected={true}
                />
                <option
                  value="all"
                >
                  Toutes les offres
                </option>
              </select>,
            ],
            "id": "filter-by-offer",
          },
          "ref": null,
          "rendered": Array [
            Object {
              "instance": null,
              "key": undefined,
              "nodeType": "host",
              "props": Object {
                "children": Array [
                  "Télécharger les réservations pour l'offre ",
                  "",
                  ":",
                ],
                "htmlFor": "offers",
              },
              "ref": null,
              "rendered": Array [
                "Télécharger les réservations pour l'offre ",
                "",
                ":",
              ],
              "type": "label",
            },
            Object {
              "instance": null,
              "key": undefined,
              "nodeType": "host",
              "props": Object {
                "children": Array [
                  <option
                    disabled={true}
                    label=" - Choisissez une offre - "
                    selected={true}
                  />,
                  Array [
                    <option
                      value="all"
                    >
                      Toutes les offres
                    </option>,
                  ],
                ],
                "className": "pc-selectbox",
                "id": "offers",
                "onBlur": [MockFunction],
                "onChange": [MockFunction],
                "value": "",
              },
              "ref": null,
              "rendered": Array [
                Object {
                  "instance": null,
                  "key": undefined,
                  "nodeType": "host",
                  "props": Object {
                    "disabled": true,
                    "label": " - Choisissez une offre - ",
                    "selected": true,
                  },
                  "ref": null,
                  "rendered": null,
                  "type": "option",
                },
                Object {
                  "instance": null,
                  "key": "all",
                  "nodeType": "host",
                  "props": Object {
                    "children": "Toutes les offres",
                    "value": "all",
                  },
                  "ref": null,
                  "rendered": "Toutes les offres",
                  "type": "option",
                },
              ],
              "type": "select",
            },
          ],
          "type": "div",
        },
        false,
      ],
      "type": Symbol(react.fragment),
    },
  ],
  Symbol(enzyme.__options__): Object {
    "adapter": ReactSixteenAdapter {
      "options": Object {
        "enableComponentDidUpdateOnSetState": true,
        "legacyContextMode": "parent",
        "lifecycles": Object {
          "componentDidUpdate": Object {
            "onSetState": true,
          },
          "getChildContext": Object {
            "calledByRenderer": false,
          },
          "getDerivedStateFromError": true,
          "getDerivedStateFromProps": Object {
            "hasShouldComponentUpdateBug": false,
          },
          "getSnapshotBeforeUpdate": true,
          "setState": Object {
            "skipsComponentDidUpdateOnNullish": true,
          },
        },
      },
    },
    Symbol(enzyme.__providerValues__): undefined,
  },
  Symbol(enzyme.__providerValues__): Map {},
  Symbol(enzyme.__childContext__): null,
}
`;
