// Jest Snapshot v1, https://goo.gl/fbAQLP

exports[`src | components | pages | FilterByOffer | FilterByOffer should match snapshot 1`] = `ShallowWrapper {}`;
